node.exe : npm warn Unknown env config "devdir". This will stop working in the next major version of npm. See `npm 
help npmrc` for supported config options.
At line:1 char:1
+ & "C:\Program Files\nodejs/node.exe" "C:\Program Files\nodejs/node_mo ...
+ ~~~~~~~~~~~~~~~~~~~~~~~~~~~~~~~~~~~~~~~~~~~~~~~~~~~~~~~~~~~~~~~~~~~~~
    + CategoryInfo          : NotSpecified: (npm warn Unknow...config options.:String) [], RemoteException
    + FullyQualifiedErrorId : NativeCommandError
 

> portfolio@0.0.0 build
> vite build

vite v8.1.0 building client environment for production...
[2K
transforming...Γ£ô 509 modules transformed.
rendering chunks...
computing gzip size...
dist/index.html                   4.49 kB Γöé gzip:   1.29 kB
dist/assets/photo-CbZNM53x.jpg  369.58 kB
dist/assets/index-BET8GnL_.css   66.96 kB Γöé gzip:  13.73 kB
dist/assets/index-pzRqHY0F.js   856.49 kB Γöé gzip: 237.31 kB

[33m[EVAL] [0mUse of direct `eval` function is strongly discouraged as it poses security risks and may cause issues 
with minification.
       [38;5;246mΓò¡[0m[38;5;246mΓöÇ[0m[38;5;246m[[0m node_modules/lottie-web/build/player/lottie.js:14422:33 
[38;5;246m][0m
       [38;5;246mΓöé[0m
 [38;5;246m14422 Γöé[0m [38;5;249m [0m[38;5;249m [0m[38;5;249m [0m[38;5;249m [0m[38;5;249m [0m[38;5;249m 
[0m[38;5;249mv[0m[38;5;249ma[0m[38;5;249mr[0m[38;5;249m [0m[38;5;249me[0m[38;5;249mx[0m[38;5;249mp[0m[3
8;5;249mr[0m[38;5;249me[0m[38;5;249ms[0m[38;5;249ms[0m[38;5;249mi[0m[38;5;249mo[0m[38;5;249mn[0m[38;5;249
m_[0m[38;5;249mf[0m[38;5;249mu[0m[38;5;249mn[0m[38;5;249mc[0m[38;5;249mt[0m[38;5;249mi[0m[38;5;249mo[0m
[38;5;249mn[0m[38;5;249m [0m[38;5;249m=[0m[38;5;249m [0meval[38;5;249m([0m[38;5;249m'[0m[38;5;249m[[0m[38
;5;249mf[0m[38;5;249mu[0m[38;5;249mn[0m[38;5;249mc[0m[38;5;249mt[0m[38;5;249mi[0m[38;5;249mo[0m[38;5;249m
n[0m[38;5;249m [0m[38;5;249m_[0m[38;5;249me[0m[38;5;249mx[0m[38;5;249mp[0m[38;5;249mr[0m[38;5;249me[0m[
38;5;249ms[0m[38;5;249ms[0m[38;5;249mi[0m[38;5;249mo[0m[38;5;249mn[0m[38;5;249m_[0m[38;5;249mf[0m[38;5;24
9mu[0m[38;5;249mn[0m[38;5;249mc[0m[38;5;249mt[0m[38;5;249mi[0m[38;5;249mo[0m[38;5;249mn[0m[38;5;249m([0m
[38;5;249m)[0m[38;5;249m{[0m[38;5;249m'[0m[38;5;249m [0m[38;5;249m+[0m[38;5;249m 
[0m[38;5;249mv[0m[38;5;249ma[0m[38;5;249ml[0m[38;5;249m [0m[38;5;249m+[0m[38;5;249m [0m[38;5;249m'[0m[3
8;5;249m;[0m[38;5;249ms[0m[38;5;249mc[0m[38;5;249mo[0m[38;5;249mp[0m[38;5;249me[0m[38;5;249md[0m[38;5;249
m_[0m[38;5;249mb[0m[38;5;249mm[0m[38;5;249m_[0m[38;5;249mr[0m[38;5;249mt[0m[38;5;249m=[0m[38;5;249m$[0m
[38;5;249mb[0m[38;5;249mm[0m[38;5;249m_[0m[38;5;249mr[0m[38;5;249mt[0m[38;5;249m}[0m[38;5;249m][0m[38;5;2
49m'[0m[38;5;249m)[0m[38;5;249m[[0m[38;5;249m0[0m[38;5;249m][0m[38;5;249m;[0m[38;5;249m 
[0m[38;5;249m/[0m[38;5;249m/[0m[38;5;249m [0m[38;5;249me[0m[38;5;249ms[0m[38;5;249ml[0m[38;5;249mi[0m[3
8;5;249mn[0m[38;5;249mt[0m[38;5;249m-[0m[38;5;249md[0m[38;5;249mi[0m[38;5;249ms[0m[38;5;249ma[0m[38;5;249
mb[0m[38;5;249ml[0m[38;5;249me[0m[38;5;249m-[0m[38;5;249ml[0m[38;5;249mi[0m[38;5;249mn[0m[38;5;249me[0m
[38;5;249m 
[0m[38;5;249mn[0m[38;5;249mo[0m[38;5;249m-[0m[38;5;249me[0m[38;5;249mv[0m[38;5;249ma[0m[38;5;249ml[0m
 [38;5;240m      Γöé[0m                                 ΓöÇΓöÇΓö¼ΓöÇ  
 [38;5;240m      Γöé[0m                                   Γò░ΓöÇΓöÇΓöÇ Use of direct `eval` here.
 [38;5;240m      Γöé[0m 
 [38;5;240m      Γöé[0m [38;5;115mHelp[0m: Consider using indirect eval. For more information, check the 
documentation: https://rolldown.rs/guide/troubleshooting#avoiding-direct-eval
[38;5;246mΓöÇΓöÇΓöÇΓöÇΓöÇΓöÇΓöÇΓò»[0m

[plugin builtin:vite-reporter] 
(!) Some chunks are larger than 500 kB after minification. Consider:
- Using dynamic import() to code-split the application
- Use build.rolldownOptions.output.codeSplitting to improve chunking: 
https://rolldown.rs/reference/OutputOptions.codeSplitting
- Adjust chunk size limit for this warning via build.chunkSizeWarningLimit.
Γ£ô built in 933ms
npm notice
npm notice New minor version of npm available! 11.13.0 -> 11.17.0
npm notice Changelog: https://github.com/npm/cli/releases/tag/v11.17.0
npm notice To update run: npm install -g npm@11.17.0
npm notice
